root@srv1051051:/var/www/telegrambot# docker-compose logs bot1 --tail 100 | grep -i error
root@srv1051051:/var/www/telegrambot# docker-compose exec bot1 npm run db:push --force
npm warn config optional Use `--omit=optional` to exclude optional dependencies, or
npm warn config `--include=optional` to include them.
npm warn config
npm warn config       Default value does install optional deps unless otherwise omitted.
npm warn using --force Recommended protections disabled.

> workspace@1.0.0 db:push
> drizzle-kit push

No config path provided, using default 'drizzle.config.ts'
Reading config file '/app/drizzle.config.ts'
Using 'pg' driver for database querying
[âœ“] Pulling schema from database...
[âœ“] Changes applied
root@srv1051051:/var/www/telegrambot# docker-compose exec bot1 ls -la dist/public
total 16
drwxr-xr-x    3 root     root          4096 Oct  9 22:35 .
drwxr-xr-x    3 root     root          4096 Oct  9 22:35 ..
drwxr-xr-x    2 root     root          4096 Oct  9 22:35 assets
-rw-r--r--    1 root     root           464 Oct  9 22:35 index.html
root@srv1051051:/var/www/telegrambot# docker-compose logs bot1 --tail 100
telegrambot-bot1-1  | npm warn config optional Use `--omit=optional` to exclude optional dependencies, or
telegrambot-bot1-1  | npm warn config `--include=optional` to include them.
telegrambot-bot1-1  | npm warn config
telegrambot-bot1-1  | npm warn config       Default value does install optional deps unless otherwise omitted.
telegrambot-bot1-1  | 
telegrambot-bot1-1  | > workspace@1.0.0 start
telegrambot-bot1-1  | > NODE_ENV=production tsx server/index.ts
telegrambot-bot1-1  | 
telegrambot-bot1-1  | 06:40:13 PM [express] ðŸš€ Server started on port 5000
telegrambot-bot1-1  | 06:40:13 PM [express] âœ… Health check available at /health
telegrambot-bot1-1  | 06:40:13 PM [express] ðŸ” Bot initialization starting in background...
telegrambot-bot1-1  | 06:40:13 PM [express] âŒ Bot initialization step failed: [object Object]
telegrambot-bot1-1  | 06:40:13 PM [express] âŒ Bot initialization failed: [object Object]
telegrambot-bot1-1  | 06:40:13 PM [express] ðŸ”„ Server continues running with admin dashboard only
root@srv1051051:/var/www/telegrambot# docker-compose exec bot1 npm run build
npm warn config optional Use `--omit=optional` to exclude optional dependencies, or
npm warn config `--include=optional` to include them.
npm warn config
npm warn config       Default value does install optional deps unless otherwise omitted.

> workspace@1.0.0 build
> tsc && vite build

vite v7.1.3 building for production...
âœ“ 1903 modules transformed.
../dist/public/index.html                   0.46 kB â”‚ gzip:   0.31 kB
../dist/public/assets/index-BexzrsHE.css   70.88 kB â”‚ gzip:  11.94 kB
../dist/public/assets/index-CENJn6p1.js   616.17 kB â”‚ gzip: 170.31 kB

(!) Some chunks are larger than 500 kB after minification. Consider:
- Using dynamic import() to code-split the application
- Use build.rollupOptions.output.manualChunks to improve chunking: https://rollupjs.org/configuration-options/#output-manualchunks
- Adjust chunk size limit for this warning via build.chunkSizeWarningLimit.
âœ“ built in 4.92s
root@srv1051051:/var/www/telegrambot# docker-compose restart bot1
[+] Restarting 1/1
 âœ” Container telegrambot-bot1-1  Starte...                                0.3s 
root@srv1051051:/var/www/telegrambot# 