root@srv1051051:/var/www/telegrambot# cat .env | grep BOT_TOKEN
cat: .env: No such file or directory
root@srv1051051:/var/www/telegrambot# nano .env
root@srv1051051:/var/www/telegrambot# # Public URL for your VPS
PUBLIC_URL=http://72.60.20.38
# Bot tokens from @BotFather (add the ones you have)
BOT1_TOKEN=8380884541:AAGnPo47aa36l1nVy0PNC99ecFdwiMa6JoM
BOT2_TOKEN=8061353646:AAHvaeFYPGp5z3Xs40q5RBiQ5bMpPE15SHI
BOT3_TOKEN=8193697763:AAEaHmd4CdfTwfpd8jqs0qSDfftvY9dHc8U
BOT4_TOKEN=8380884541:AAGnPo47aa36l1nVy0PNC99ecFdwiMa6JoM
BOT5_TOKEN=
BOT6_TOKEN=
BOT7_TOKEN=
BOT8_TOKEN=
BOT9_TOKEN=
BOT10_TOKEN=
root@srv1051051:/var/www/telegrambot# docker-compose up -d
WARN[0000] The "BOT9_TOKEN" variable is not set. Defaulting to a blank string. 
WARN[0000] The "BOT2_TOKEN" variable is not set. Defaulting to a blank string. 
WARN[0000] The "BOT4_TOKEN" variable is not set. Defaulting to a blank string. 
WARN[0000] The "BOT7_TOKEN" variable is not set. Defaulting to a blank string. 
WARN[0000] The "BOT8_TOKEN" variable is not set. Defaulting to a blank string. 
WARN[0000] The "BOT6_TOKEN" variable is not set. Defaulting to a blank string. 
WARN[0000] The "BOT10_TOKEN" variable is not set. Defaulting to a blank string. 
WARN[0000] The "BOT1_TOKEN" variable is not set. Defaulting to a blank string. 
WARN[0000] The "BOT3_TOKEN" variable is not set. Defaulting to a blank string. 
WARN[0000] The "BOT5_TOKEN" variable is not set. Defaulting to a blank string. 
[+] Building 0.0s (0/0)                                                                                 docker:default
[+] Running 11/11
 âœ” Container telegrambot-postgres-1  Healthy                                                                      0.0s 
 âœ” Container telegrambot-bot3-1      Running                                                                      0.0s 
 âœ” Container telegrambot-bot10-1     Running                                                                      0.0s 
 âœ” Container telegrambot-bot5-1      Running                                                                      0.0s 
 âœ” Container telegrambot-bot8-1      Running                                                                      0.0s 
 âœ” Container telegrambot-bot9-1      Running                                                                      0.0s 
 âœ” Container telegrambot-bot6-1      Running                                                                      0.0s 
 âœ” Container telegrambot-bot2-1      Running                                                                      0.0s 
 âœ” Container telegrambot-bot7-1      Running                                                                      0.0s 
 âœ” Container telegrambot-bot4-1      Running                                                                      0.0s 
 âœ” Container telegrambot-bot1-1      Running                                                                      0.0s 
root@srv1051051:/var/www/telegrambot# # Check bot1 logs
docker logs telegrambot-bot1-1 --tail 50

# Check which bots initialized successfully
docker logs telegrambot-bot1-1 2>&1 | grep "initialized"
docker logs telegrambot-bot2-1 2>&1 | grep "initialized"
npm warn config optional Use `--omit=optional` to exclude optional dependencies, or
npm warn config `--include=optional` to include them.
npm warn config
npm warn config       Default value does install optional deps unless otherwise omitted.

> workspace@1.0.0 start
> NODE_ENV=production tsx server/index.ts

âš ï¸  No TELEGRAM_BOT_TOKEN found, using default bot ID
âœ… Initializing storage for Bot ID: default
12:02:40 PM [express] ğŸ”§ Setting up API routes...
12:02:41 PM [express] âœ… API routes registered
12:02:41 PM [express] ğŸ”§ Setting up static file serving...
12:02:41 PM [express] âœ… Static file serving configured
12:02:41 PM [express] ğŸš€ Server started on port 5000
12:02:41 PM [express] âœ… Health check available at / and /health
12:02:41 PM [express] ğŸ–¥ï¸  Admin dashboard ready
12:02:41 PM [express] ğŸ” Bot initialization starting in background...
12:02:41 PM [express] âš ï¸  No bot token found, skipping bot initialization
12:02:41 PM [express] âŒ Bot initialization step failed: No bot token configured
Full error: Error: No bot token configured
    at autoInitializeBot (/app/server/index.ts:183:13)
    at process.processTicksAndRejections (node:internal/process/task_queues:95:5)
    at async initializeBotWithTimeout (/app/server/index.ts:142:5)
12:02:41 PM [express] âŒ Bot initialization failed: No bot token configured
12:02:41 PM [express] ğŸ”„ Server continues running with admin dashboard only
root@srv1051051:/var/www/telegrambot# 