Welcome to Ubuntu 24.04.3 LTS (GNU/Linux 6.8.0-79-generic x86_64)

 * Documentation:  https://help.ubuntu.com
 * Management:     https://landscape.canonical.com
 * Support:        https://ubuntu.com/pro

 System information as of Wed Oct  8 12:36:14 UTC 2025

  System load:  0.0               Processes:             107
  Usage of /:   2.7% of 95.82GB   Users logged in:       0
  Memory usage: 5%                IPv4 address for eth0: 72.60.20.38
  Swap usage:   0%                IPv6 address for eth0: 2a02:4780:f:739a::1


Expanded Security Maintenance for Applications is not enabled.

12 updates can be applied immediately.
To see these additional updates run: apt list --upgradable

Enable ESM Apps to receive additional future security updates.
See https://ubuntu.com/esm or run: sudo pro status


1 updates could not be installed automatically. For more details,
see /var/log/unattended-upgrades/unattended-upgrades.log

*** System restart required ***

The programs included with the Ubuntu system are free software;
the exact distribution terms for each program are described in the
individual files in /usr/share/doc/*/copyright.

Ubuntu comes with ABSOLUTELY NO WARRANTY, to the extent permitted by
applicable law.

root@srv1051051:~# ^[[200~curl -fsSL https://deb.nodesource.com/setup_20.x | bash - && \
> apt install -y nodejs postgresql postgresql-contrib nginx git && \
> npm install -g pm2~curl: command not found
Reading package lists... DoneBuilding dependency tree... Done
Reading state information... Done
git is already the newest version (1:2.43.0-1ubuntu7.3).
git set to manually installed.
The following additional packages will be installed:
  libcares2 libcommon-sense-perl libjson-perl libjson-xs-perl libllvm17t64
  libnode109 libpq5 libtypes-serialiser-perl nginx-common node-acorn
  node-busboy node-cjs-module-lexer node-undici node-xtend nodejs-doc
  postgresql-16 postgresql-client-16 postgresql-client-common
  postgresql-common ssl-cert
Suggested packages:
  fcgiwrap nginx-doc npm postgresql-doc postgresql-doc-16
The following NEW packages will be installed:
  libcares2 libcommon-sense-perl libjson-perl libjson-xs-perl libllvm17t64
  libnode109 libpq5 libtypes-serialiser-perl nginx nginx-common node-acorn
  node-busboy node-cjs-module-lexer node-undici node-xtend nodejs nodejs-doc
  postgresql postgresql-16 postgresql-client-16 postgresql-client-common
  postgresql-common postgresql-contrib ssl-cert
0 upgraded, 24 newly installed, 0 to remove and 13 not upgraded.
Need to get 60.2 MB of archives.
After this operation, 247 MB of additional disk space will be used.
Get:1 http://mirrors.ukfast.co.uk/sites/archive.ubuntu.com noble/main amd64 libjson-perl all 4.10000-1 [81.9 kB]
Get:2 http://mirrors.ukfast.co.uk/sites/archive.ubuntu.com noble-updates/main amd64 postgresql-client-common all 257build1.1 [36.4 kB]
Get:3 http://mirrors.ukfast.co.uk/sites/archive.ubuntu.com noble/main amd64 ssl-cert all 1.1.2ubuntu1 [17.8 kB]
Get:4 http://mirrors.ukfast.co.uk/sites/archive.ubuntu.com noble-updates/main amd64 postgresql-common all 257build1.1 [161 kB]
Get:5 http://mirrors.ukfast.co.uk/sites/archive.ubuntu.com noble/main amd64 libcares2 amd64 1.27.0-1.0ubuntu1 [73.7 kB]
Get:6 http://mirrors.ukfast.co.uk/sites/archive.ubuntu.com noble/main amd64 libcommon-sense-perl amd64 3.75-3build3 [20.4 kB]
Get:7 http://mirrors.ukfast.co.uk/sites/archive.ubuntu.com noble/main amd64 libtypes-serialiser-perl all 1.01-1 [11.6 kB]
Get:8 http://mirrors.ukfast.co.uk/sites/archive.ubuntu.com noble-security/main amd64 libjson-xs-perl amd64 4.040-0ubuntu0.24.04.1 [83.7 kB]
Get:9 http://mirrors.ukfast.co.uk/sites/archive.ubuntu.com noble/main amd64 libllvm17t64 amd64 1:17.0.6-9ubuntu1 [26.2 MB]
Get:10 http://mirrors.ukfast.co.uk/sites/archive.ubuntu.com noble/universe amd64 node-xtend all 4.0.2-3 [3902 B]
Get:11 http://mirrors.ukfast.co.uk/sites/archive.ubuntu.com noble/universe amd64 nodejs amd64 18.19.1+dfsg-6ubuntu5 [306 kB]
Get:12 http://mirrors.ukfast.co.uk/sites/archive.ubuntu.com noble/universe amd64 node-acorn all 8.8.1+ds+~cs25.17.7-2 [115 kB]
Get:13 http://mirrors.ukfast.co.uk/sites/archive.ubuntu.com noble/universe amd64 node-cjs-module-lexer all 1.2.3+dfsg-1 [32.1 kB]
Get:14 http://mirrors.ukfast.co.uk/sites/archive.ubuntu.com noble/universe amd64 node-busboy all 1.6.0+~cs2.6.0-2 [17.3 kB]
Get:15 http://mirrors.ukfast.co.uk/sites/archive.ubuntu.com noble/universe amd64 node-undici all 5.26.3+dfsg1+~cs23.10.12-2 [325 kB]
Get:16 http://mirrors.ukfast.co.uk/sites/archive.ubuntu.com noble/universe amd64 libnode109 amd64 18.19.1+dfsg-6ubuntu5 [11.6 MB]
Get:17 http://mirrors.ukfast.co.uk/sites/archive.ubuntu.com noble-security/main amd64 libpq5 amd64 16.10-0ubuntu0.24.04.1 [144 kB]
Get:18 http://mirrors.ukfast.co.uk/sites/archive.ubuntu.com noble-security/main amd64 nginx-common all 1.24.0-2ubuntu7.5 [43.4 kB]
Get:19 http://mirrors.ukfast.co.uk/sites/archive.ubuntu.com noble-security/main amd64 nginx amd64 1.24.0-2ubuntu7.5 [520 kB]
Get:20 http://mirrors.ukfast.co.uk/sites/archive.ubuntu.com noble/universe amd64 nodejs-doc all 18.19.1+dfsg-6ubuntu5 [3552 kB]
Get:21 http://mirrors.ukfast.co.uk/sites/archive.ubuntu.com noble-security/main amd64 postgresql-client-16 amd64 16.10-0ubuntu0.24.04.1 [1297 kB]
Get:22 http://mirrors.ukfast.co.uk/sites/archive.ubuntu.com noble-security/main amd64 postgresql-16 amd64 16.10-0ubuntu0.24.04.1 [15.5 MB]
Get:23 http://mirrors.ukfast.co.uk/sites/archive.ubuntu.com noble-updates/main amd64 postgresql all 16+257build1.1 [11.6 kB]
Get:24 http://mirrors.ukfast.co.uk/sites/archive.ubuntu.com noble-updates/main amd64 postgresql-contrib all 16+257build1.1 [11.6 kB]
Fetched 60.2 MB in 2s (34.3 MB/s)             
Preconfiguring packages ...
Selecting previously unselected package libjson-perl.
(Reading database ... 106513 files and directories currently installed.)
Preparing to unpack .../00-libjson-perl_4.10000-1_all.deb ...
Unpacking libjson-perl (4.10000-1) ...
Selecting previously unselected package postgresql-client-common.
Preparing to unpack .../01-postgresql-client-common_257build1.1_all.deb ...
Unpacking postgresql-client-common (257build1.1) ...
Selecting previously unselected package ssl-cert.
Preparing to unpack .../02-ssl-cert_1.1.2ubuntu1_all.deb ...
Unpacking ssl-cert (1.1.2ubuntu1) ...
Selecting previously unselected package postgresql-common.
Preparing to unpack .../03-postgresql-common_257build1.1_all.deb ...
Adding 'diversion of /usr/bin/pg_config to /usr/bin/pg_config.libpq-dev by postgresql-common'
Unpacking postgresql-common (257build1.1) ...
Selecting previously unselected package libcares2:amd64.
Preparing to unpack .../04-libcares2_1.27.0-1.0ubuntu1_amd64.deb ...
Unpacking libcares2:amd64 (1.27.0-1.0ubuntu1) ...
Selecting previously unselected package libcommon-sense-perl:amd64.
Preparing to unpack .../05-libcommon-sense-perl_3.75-3build3_amd64.deb ...
Unpacking libcommon-sense-perl:amd64 (3.75-3build3) ...
Selecting previously unselected package libtypes-serialiser-perl.
Preparing to unpack .../06-libtypes-serialiser-perl_1.01-1_all.deb ...
Unpacking libtypes-serialiser-perl (1.01-1) ...
Selecting previously unselected package libjson-xs-perl.
Preparing to unpack .../07-libjson-xs-perl_4.040-0ubuntu0.24.04.1_amd64.deb ...
Unpacking libjson-xs-perl (4.040-0ubuntu0.24.04.1) ...
Selecting previously unselected package libllvm17t64:amd64.
Preparing to unpack .../08-libllvm17t64_1%3a17.0.6-9ubuntu1_amd64.deb ...
Unpacking libllvm17t64:amd64 (1:17.0.6-9ubuntu1) ...
Selecting previously unselected package node-xtend.
Preparing to unpack .../09-node-xtend_4.0.2-3_all.deb ...
Unpacking node-xtend (4.0.2-3) ...
Selecting previously unselected package nodejs.
Preparing to unpack .../10-nodejs_18.19.1+dfsg-6ubuntu5_amd64.deb ...
Unpacking nodejs (18.19.1+dfsg-6ubuntu5) ...
Selecting previously unselected package node-acorn.
Preparing to unpack .../11-node-acorn_8.8.1+ds+~cs25.17.7-2_all.deb ...
Unpacking node-acorn (8.8.1+ds+~cs25.17.7-2) ...
Selecting previously unselected package node-cjs-module-lexer.
Preparing to unpack .../12-node-cjs-module-lexer_1.2.3+dfsg-1_all.deb ...
Unpacking node-cjs-module-lexer (1.2.3+dfsg-1) ...
Selecting previously unselected package node-busboy.
Preparing to unpack .../13-node-busboy_1.6.0+~cs2.6.0-2_all.deb ...
Unpacking node-busboy (1.6.0+~cs2.6.0-2) ...
Selecting previously unselected package node-undici.
Preparing to unpack .../14-node-undici_5.26.3+dfsg1+~cs23.10.12-2_all.deb ...
Unpacking node-undici (5.26.3+dfsg1+~cs23.10.12-2) ...
Selecting previously unselected package libnode109:amd64.
Preparing to unpack .../15-libnode109_18.19.1+dfsg-6ubuntu5_amd64.deb ...
Unpacking libnode109:amd64 (18.19.1+dfsg-6ubuntu5) ...
Selecting previously unselected package libpq5:amd64.
Preparing to unpack .../16-libpq5_16.10-0ubuntu0.24.04.1_amd64.deb ...
Unpacking libpq5:amd64 (16.10-0ubuntu0.24.04.1) ...
Selecting previously unselected package nginx-common.
Preparing to unpack .../17-nginx-common_1.24.0-2ubuntu7.5_all.deb ...
Unpacking nginx-common (1.24.0-2ubuntu7.5) ...
Selecting previously unselected package nginx.
Preparing to unpack .../18-nginx_1.24.0-2ubuntu7.5_amd64.deb ...
Unpacking nginx (1.24.0-2ubuntu7.5) ...
Selecting previously unselected package nodejs-doc.
Preparing to unpack .../19-nodejs-doc_18.19.1+dfsg-6ubuntu5_all.deb ...
Unpacking nodejs-doc (18.19.1+dfsg-6ubuntu5) ...
Selecting previously unselected package postgresql-client-16.
Preparing to unpack .../20-postgresql-client-16_16.10-0ubuntu0.24.04.1_amd64.deb ...
Unpacking postgresql-client-16 (16.10-0ubuntu0.24.04.1) ...
Selecting previously unselected package postgresql-16.
Preparing to unpack .../21-postgresql-16_16.10-0ubuntu0.24.04.1_amd64.deb ...
Unpacking postgresql-16 (16.10-0ubuntu0.24.04.1) ...
Selecting previously unselected package postgresql.
Preparing to unpack .../22-postgresql_16+257build1.1_all.deb ...
Unpacking postgresql (16+257build1.1) ...
Selecting previously unselected package postgresql-contrib.
Preparing to unpack .../23-postgresql-contrib_16+257build1.1_all.deb ...
Unpacking postgresql-contrib (16+257build1.1) ...
Setting up postgresql-client-common (257build1.1) ...
Setting up libpq5:amd64 (16.10-0ubuntu0.24.04.1) ...
Setting up libcommon-sense-perl:amd64 (3.75-3build3) ...
Setting up nginx-common (1.24.0-2ubuntu7.5) ...
Created symlink /etc/systemd/system/multi-user.target.wants/nginx.service → /usr/lib/systemd/system/nginx.service.
Setting up node-cjs-module-lexer (1.2.3+dfsg-1) ...
Setting up libllvm17t64:amd64 (1:17.0.6-9ubuntu1) ...
Setting up ssl-cert (1.1.2ubuntu1) ...
Created symlink /etc/systemd/system/multi-user.target.wants/ssl-cert.service → /usr/lib/systemd/system/ssl-cert.service.
Setting up libcares2:amd64 (1.27.0-1.0ubuntu1) ...
Setting up nodejs-doc (18.19.1+dfsg-6ubuntu5) ...
Setting up libtypes-serialiser-perl (1.01-1) ...
Setting up libjson-perl (4.10000-1) ...
Setting up node-xtend (4.0.2-3) ...
Setting up node-busboy (1.6.0+~cs2.6.0-2) ...
Setting up libjson-xs-perl (4.040-0ubuntu0.24.04.1) ...
Setting up nginx (1.24.0-2ubuntu7.5) ...
 * Upgrading binary nginx                                                [ OK ] 
Setting up postgresql-client-16 (16.10-0ubuntu0.24.04.1) ...
update-alternatives: using /usr/share/postgresql/16/man/man1/psql.1.gz to provide /usr/share/man/man1/psql.1.gz (psql.1.gz) in auto mode
Setting up postgresql-common (257build1.1) ...

Creating config file /etc/postgresql-common/createcluster.conf with new version
Building PostgreSQL dictionaries from installed myspell/hunspell packages...
Removing obsolete dictionary files:
Created symlink /etc/systemd/system/multi-user.target.wants/postgresql.service → /usr/lib/systemd/system/postgresql.service.
Setting up node-undici (5.26.3+dfsg1+~cs23.10.12-2) ...
Setting up postgresql-16 (16.10-0ubuntu0.24.04.1) ...
Creating new PostgreSQL cluster 16/main ...
/usr/lib/postgresql/16/bin/initdb -D /var/lib/postgresql/16/main --auth-local peer --auth-host scram-sha-256 --no-instructions
The files belonging to this database system will be owned by user "postgres".
This user must also own the server process.

The database cluster will be initialized with locale "C.UTF-8".
The default database encoding has accordingly been set to "UTF8".
The default text search configuration will be set to "english".

Data page checksums are disabled.

fixing permissions on existing directory /var/lib/postgresql/16/main ... ok
creating subdirectories ... ok
selecting dynamic shared memory implementation ... posix
selecting default max_connections ... 100
selecting default shared_buffers ... 128MB
selecting default time zone ... Etc/UTC
creating configuration files ... ok
running bootstrap script ... ok
performing post-bootstrap initialization ... ok
syncing data to disk ... ok
Setting up postgresql-contrib (16+257build1.1) ...
Setting up postgresql (16+257build1.1) ...
Setting up node-acorn (8.8.1+ds+~cs25.17.7-2) ...
Setting up libnode109:amd64 (18.19.1+dfsg-6ubuntu5) ...
Setting up nodejs (18.19.1+dfsg-6ubuntu5) ...
update-alternatives: using /usr/bin/nodejs to provide /usr/bin/js (js) in auto mode
Processing triggers for man-db (2.12.0-4build2) ...
Processing triggers for libc-bin (2.39-0ubuntu8.6) ...
Processing triggers for ufw (0.36.2-6) ...
Scanning processes...                                                           
Scanning candidates...                                                          
Scanning linux images...                                                        

Pending kernel upgrade!
Running kernel version:
  6.8.0-79-generic
Diagnostics:
  The currently running kernel version is not the expected kernel version
6.8.0-85-generic.

Restarting the system to load the new kernel will not be handled automatically,
so you should consider rebooting.

Restarting services...

Service restarts being deferred:
 /etc/needrestart/restart.d/dbus.service
 systemctl restart getty@tty1.service
 systemctl restart serial-getty@ttyS0.service
 systemctl restart systemd-logind.service
 systemctl restart unattended-upgrades.service

No containers need to be restarted.

No user sessions are running outdated binaries.

No VM guests are running outdated hypervisor (qemu) binaries on this host.
Command 'npm' not found, but can be installed with:
apt install npm
root@srv1051051:~# sudo -u postgres psql -c "CREATE DATABASE teleshop;"
sudo -u postgres psql -c "CREATE USER teleshopuser WITH PASSWORD 'SecurePass123!';"
sudo -u postgres psql -c "GRANT ALL PRIVILEGES ON DATABASE teleshop TO teleshopuser;"
CREATE DATABASE
-bash: !': event not found
ERROR:  role "teleshopuser" does not exist
root@srv1051051:~# ^[[200~cd /var/www
cd: command not found
root@srv1051051:~# git clone https://github.com/YOUR-USERNAME/YOUR-REPO-NAME.git teleshop-bot
Cloning into 'teleshop-bot'...
Username for 'https://github.com': cd /var/www
git clone https://github.com/mburlufung-del/telegrambot telegrambot
cd telegrambotPassword for 'https://cd%20teleshop-bot%1B%5B201~cd%20%2Fvar%2Fwww@github.com': 
remote: Invalid username or token. Password authentication is not supported for Git operations.
fatal: Authentication failed for 'https://github.com/YOUR-USERNAME/YOUR-REPO-NAME.git/'
root@srv1051051:~# cd /var/www
git clone https://github.com/mburlufung-del/telegrambot telegrambot
cd telegrambot
Cloning into 'telegrambot'...
remote: Enumerating objects: 2955, done.
remote: Counting objects: 100% (2955/2955), done.
remote: Compressing objects: 100% (574/574), done.
remote: Total 2955 (delta 2352), reused 2955 (delta 2352), pack-reused 0 (from 0)
Receiving objects: 100% (2955/2955), 32.38 MiB | 35.54 MiB/s, done.
Resolving deltas: 100% (2352/2352), done.
root@srv1051051:/var/www/telegrambot# .env << EOF
NODE_ENV=production
PORT=5000
TELEGRAM_BOT_TOKEN=8411974702:AAGUrco5I7e0ypXhwBGbhOHoJFXiU-9iGHw
DATABASE_URL=postgresql://teleshopuser:SecurePass123!@localhost:5432/teleshop
EOF
Command '.env' not found, did you mean:
  command 'tenv' from snap tenv (4.7.21)
  command 'env' from deb coreutils (9.4-3ubuntu6.1)
See 'snap info <snapname>' for additional versions.
root@srv1051051:/var/www/telegrambot# npm install
npm run build
npm run db:push --force
pm2 start npm --name "teleshop-bot" -- start
pm2 save
pm2 startup
Command 'npm' not found, but can be installed with:
apt install npm
Command 'npm' not found, but can be installed with:
apt install npm
Command 'npm' not found, but can be installed with:
apt install npm
Command 'pm2' not found, did you mean:
  command 'pmg' from deb python3-pymatgen (2023.06.23+dfsg1-2build1)
  command 'pom2' from deb libpod-pom-perl (2.01-4)
  command 'tpm2' from deb tpm2-tools (5.4-1)
  command 'wm2' from deb wm2 (4+svn20090216-4build1)
  command 'pmw' from deb pmw (1:5.22-1)
  command 'pm' from deb powerman (2.3.27-4)
  command 'pms' from deb pms (0.42-1.1)
  command 'gm2' from deb gm2 (4:13.2.0-2ubuntu1)
  command 'pmc' from deb linuxptp (4.0-1)
Try: apt install <deb name>
Command 'pm2' not found, did you mean:
  command 'gm2' from deb gm2 (4:13.2.0-2ubuntu1)
  command 'wm2' from deb wm2 (4+svn20090216-4build1)
  command 'pom2' from deb libpod-pom-perl (2.01-4)
  command 'pmc' from deb linuxptp (4.0-1)
  command 'tpm2' from deb tpm2-tools (5.4-1)
  command 'pms' from deb pms (0.42-1.1)
  command 'pm' from deb powerman (2.3.27-4)
  command 'pmw' from deb pmw (1:5.22-1)
  command 'pmg' from deb python3-pymatgen (2023.06.23+dfsg1-2build1)
Try: apt install <deb name>
Command 'pm2' not found, did you mean:
  command 'pm' from deb powerman (2.3.27-4)
  command 'tpm2' from deb tpm2-tools (5.4-1)
  command 'wm2' from deb wm2 (4+svn20090216-4build1)
  command 'pmw' from deb pmw (1:5.22-1)
  command 'pom2' from deb libpod-pom-perl (2.01-4)
  command 'gm2' from deb gm2 (4:13.2.0-2ubuntu1)
  command 'pms' from deb pms (0.42-1.1)
  command 'pmg' from deb python3-pymatgen (2023.06.23+dfsg1-2build1)
  command 'pmc' from deb linuxptp (4.0-1)
Try: apt install <deb name>
root@srv1051051:/var/www/telegrambot# ^C
root@srv1051051:/var/www/telegrambot# 